******************************************************************************
                  TI ARM Linker PC v20.2.7                     
******************************************************************************
>> Linked Mon Mar  6 10:58:33 2023

OUTPUT FILE NAME:   <Supervisor.out>
ENTRY POINT SYMBOL: "_c_int00_noinit_noargs"  address: 000008cd


MEMORY CONFIGURATION

         name            origin    length      used     unused   attr    fill
----------------------  --------  ---------  --------  --------  ----  --------
  FLASH                 00000000   00040000  00000a92  0003f56e  R  X
  SRAM                  20000000   00008000  00000200  00007e00  RW X


SEGMENT ALLOCATION MAP

run origin  load origin   length   init length attrs members
----------  ----------- ---------- ----------- ----- -------
00000000    00000000    00000a94   00000a94    r-x
  00000000    00000000    0000026c   0000026c    r-- .intvecs
  0000026c    0000026c    0000074a   0000074a    r-x .text
  000009b8    000009b8    000000dc   000000dc    r-- .const
20000000    20000000    00000200   00000000    rw-
  20000000    20000000    00000200   00000000    rw- .stack


SECTION ALLOCATION MAP

 output                                  attributes/
section   page    origin      length       input sections
--------  ----  ----------  ----------   ----------------
.intvecs   0    00000000    0000026c     
                  00000000    0000026c     tm4c123gh6pm_startup_ccs.obj (.intvecs)

.text      0    0000026c    0000074a     
                  0000026c    000001fc     main.obj (.text)
                  00000468    00000132     driverlib.lib : gpio.obj (.text:GPIOPadConfigSet)
                  0000059a    00000002     --HOLE-- [fill = 0]
                  0000059c    00000110                   : sysctl.obj (.text:SysCtlClockGet)
                  000006ac    000000f4                   : sysctl.obj (.text:SysCtlClockSet)
                  000007a0    00000068                   : interrupt.obj (.text:IntEnable)
                  00000808    00000056                   : gpio.obj (.text:GPIOIntTypeSet)
                  0000085e    00000002     --HOLE-- [fill = 0]
                  00000860    00000038                   : sysctl.obj (.text:SysCtlPeripheralReady)
                  00000898    00000034                   : sysctl.obj (.text:SysCtlPeripheralEnable)
                  000008cc    0000002c     rtsv7M4_T_le_v4SPD16_eabi.lib : boot_cortex_m.c.obj (.text:_c_int00_noinit_noargs:_c_int00_noinit_noargs)
                  000008f8    0000002a     driverlib.lib : gpio.obj (.text:GPIODirModeSet)
                  00000922    00000018                   : gpio.obj (.text:GPIOPinTypeGPIOOutput)
                  0000093a    00000012                   : gpio.obj (.text:GPIOPinTypeGPIOInput)
                  0000094c    00000010                   : interrupt.obj (.text:IntMasterEnable)
                  0000095c    0000000e                   : gpio.obj (.text:GPIOIntDisable)
                  0000096a    0000000e                   : gpio.obj (.text:GPIOIntStatus)
                  00000978    0000000c                   : cpu.obj (.text:CPUcpsie)
                  00000984    0000000c                   : gpio.obj (.text:GPIOIntEnable)
                  00000990    0000000c     tm4c123gh6pm_startup_ccs.obj (.text)
                  0000099c    00000006     driverlib.lib : gpio.obj (.text:GPIOIntClear)
                  000009a2    00000006                   : gpio.obj (.text:GPIOPinWrite)
                  000009a8    00000006                   : sysctl.obj (.text:SysCtlDelay)
                  000009ae    00000004     rtsv7M4_T_le_v4SPD16_eabi.lib : pre_init.c.obj (.text:_system_pre_init)
                  000009b2    00000004                                   : exit.c.obj (.text:abort:abort)

.const     0    000009b8    000000dc     
                  000009b8    00000070     driverlib.lib : interrupt.obj (.const)
                  00000a28    0000006c                   : sysctl.obj (.const:g_pui32Xtals)

.cinit     0    00000000    00000000     UNINITIALIZED

.init_array 
*          0    00000000    00000000     UNINITIALIZED

.stack     0    20000000    00000200     UNINITIALIZED
                  20000000    00000004     rtsv7M4_T_le_v4SPD16_eabi.lib : boot_cortex_m.c.obj (.stack)
                  20000004    000001fc     --HOLE--

__llvm_prf_cnts 
*          0    20000000    00000000     UNINITIALIZED

MODULE SUMMARY

       Module                         code   ro data   rw data
       ------                         ----   -------   -------
    .\
       tm4c123gh6pm_startup_ccs.obj   12     620       0      
       main.obj                       508    0         0      
    +--+------------------------------+------+---------+---------+
       Total:                         520    620       0      
                                                              
    C:/ti/tivaware_c_series_2_1_4_178/driverlib/ccs/Debug/driverlib.lib
       sysctl.obj                     630    108       0      
       gpio.obj                       528    0         0      
       interrupt.obj                  120    112       0      
       cpu.obj                        12     0         0      
    +--+------------------------------+------+---------+---------+
       Total:                         1290   220       0      
                                                              
    C:\ti\ccs1220\ccs\tools\compiler\ti-cgt-arm_20.2.7.LTS\lib\rtsv7M4_T_le_v4SPD16_eabi.lib
       boot_cortex_m.c.obj            44     0         0      
       exit.c.obj                     4      0         0      
       pre_init.c.obj                 4      0         0      
    +--+------------------------------+------+---------+---------+
       Total:                         52     0         0      
                                                              
       Stack:                         0      0         512    
    +--+------------------------------+------+---------+---------+
       Grand Total:                   1862   840       512    


GLOBAL SYMBOLS: SORTED ALPHABETICALLY BY Name 

address   name                   
-------   ----                   
000009b3  C$$EXIT                
00000979  CPUcpsie               
000008f9  GPIODirModeSet         
0000099d  GPIOIntClear           
0000095d  GPIOIntDisable         
00000985  GPIOIntEnable          
0000096b  GPIOIntStatus          
00000809  GPIOIntTypeSet         
00000469  GPIOPadConfigSet       
0000093b  GPIOPinTypeGPIOInput   
00000923  GPIOPinTypeGPIOOutput  
000009a3  GPIOPinWrite           
000007a1  IntEnable              
0000094d  IntMasterEnable        
00000991  ResetISR               
0000059d  SysCtlClockGet         
000006ad  SysCtlClockSet         
000009a9  SysCtlDelay            
00000899  SysCtlPeripheralEnable 
00000861  SysCtlPeripheralReady  
20000200  __STACK_END            
00000200  __STACK_SIZE           
20000200  __STACK_TOP            
ffffffff  __TI_pprof_out_hndl    
ffffffff  __TI_prof_data_size    
ffffffff  __TI_prof_data_start   
00000000  __TI_static_base__     
ffffffff  __binit__              
ffffffff  __c_args__             
UNDEFED   __mpu_init             
20000000  __stack                
20000000  __start___llvm_prf_cnts
20000000  __stop___llvm_prf_cnts 
000008cd  _c_int00_noinit_noargs 
000009af  _system_pre_init       
000009b3  abort                  
ffffffff  binit                  
0000026d  delayMicroSeconds      
00000000  g_pfnVectors           
00000285  main                   
000002fb  triggerInterrupt       


GLOBAL SYMBOLS: SORTED BY Symbol Address 

address   name                   
-------   ----                   
00000000  __TI_static_base__     
00000000  g_pfnVectors           
00000200  __STACK_SIZE           
0000026d  delayMicroSeconds      
00000285  main                   
000002fb  triggerInterrupt       
00000469  GPIOPadConfigSet       
0000059d  SysCtlClockGet         
000006ad  SysCtlClockSet         
000007a1  IntEnable              
00000809  GPIOIntTypeSet         
00000861  SysCtlPeripheralReady  
00000899  SysCtlPeripheralEnable 
000008cd  _c_int00_noinit_noargs 
000008f9  GPIODirModeSet         
00000923  GPIOPinTypeGPIOOutput  
0000093b  GPIOPinTypeGPIOInput   
0000094d  IntMasterEnable        
0000095d  GPIOIntDisable         
0000096b  GPIOIntStatus          
00000979  CPUcpsie               
00000985  GPIOIntEnable          
00000991  ResetISR               
0000099d  GPIOIntClear           
000009a3  GPIOPinWrite           
000009a9  SysCtlDelay            
000009af  _system_pre_init       
000009b3  C$$EXIT                
000009b3  abort                  
20000000  __stack                
20000000  __start___llvm_prf_cnts
20000000  __stop___llvm_prf_cnts 
20000200  __STACK_END            
20000200  __STACK_TOP            
ffffffff  __TI_pprof_out_hndl    
ffffffff  __TI_prof_data_size    
ffffffff  __TI_prof_data_start   
ffffffff  __binit__              
ffffffff  __c_args__             
ffffffff  binit                  
UNDEFED   __mpu_init             

[41 symbols]
